components/ai/ChatWindow.tsx(14,21): error TS2339: Property 'input' does not exist on type 'UseChatHelpers<UIMessage<unknown, UIDataTypes, UITools>>'.
components/ai/ChatWindow.tsx(14,28): error TS2339: Property 'handleInputChange' does not exist on type 'UseChatHelpers<UIMessage<unknown, UIDataTypes, UITools>>'.
components/ai/ChatWindow.tsx(14,47): error TS2339: Property 'handleSubmit' does not exist on type 'UseChatHelpers<UIMessage<unknown, UIDataTypes, UITools>>'.
components/ai/ChatWindow.tsx(14,61): error TS2339: Property 'isLoading' does not exist on type 'UseChatHelpers<UIMessage<unknown, UIDataTypes, UITools>>'.
components/ai/ChatWindow.tsx(14,72): error TS2339: Property 'append' does not exist on type 'UseChatHelpers<UIMessage<unknown, UIDataTypes, UITools>>'.
components/ai/ChatWindow.tsx(15,5): error TS2353: Object literal may only specify known properties, and 'api' does not exist in type 'UseChatOptions<UIMessage<unknown, UIDataTypes, UITools>>'.
components/dashboard/AiTips.tsx(68,17): error TS2322: Type '{ children: Element; asChild: true; className: string; variant: "outline"; }' is not assignable to type 'IntrinsicAttributes & ButtonProps & VariantProps<(props?: (ConfigVariants<{ variant: { default: string; outline: string; secondary: string; ghost: string; destructive: string; link: string; }; size: { ...; }; }> & ClassProp) | undefined) => string>'.
  Property 'asChild' does not exist on type 'IntrinsicAttributes & ButtonProps & VariantProps<(props?: (ConfigVariants<{ variant: { default: string; outline: string; secondary: string; ghost: string; destructive: string; link: string; }; size: { ...; }; }> & ClassProp) | undefined) => string>'.
components/dashboard/TrendChart.tsx(58,13): error TS2322: Type '(value: number) => string' is not assignable to type 'Formatter<ValueType, NameType> & ((value: ValueType, name: NameType, item: TooltipPayloadEntry, index: number, payload: TooltipPayload) => ReactNode | [...])'.
  Type '(value: number) => string' is not assignable to type 'Formatter<ValueType, NameType>'.
    Types of parameters 'value' and 'value' are incompatible.
      Type 'ValueType | undefined' is not assignable to type 'number'.
        Type 'undefined' is not assignable to type 'number'.
components/expenses/ExpenseForm.tsx(72,63): error TS2322: Type 'string | null' is not assignable to type 'string'.
  Type 'null' is not assignable to type 'string'.
components/income/IncomeForm.tsx(5,25): error TS2307: Cannot find module 'react-form' or its corresponding type declarations.
components/income/IncomeForm.tsx(15,8): error TS2307: Cannot find module '@/components/ui/form' or its corresponding type declarations.
components/income/IncomeForm.tsx(88,63): error TS2322: Type 'string | null' is not assignable to type 'string'.
  Type 'null' is not assignable to type 'string'.
components/income/IncomeForm.tsx(105,63): error TS2322: Type 'string | null' is not assignable to type 'string'.
  Type 'null' is not assignable to type 'string'.
components/theme-provider.tsx(5,41): error TS2307: Cannot find module 'next-themes/dist/types' or its corresponding type declarations.
